{
    "tractoflow - qball tracking": {
        "content": [
            {
                "versions": [
                    "versions.yml:md5,7cabc91ec64b5e824e9b8f60d7dcf930"
                ]
            }
        ],
        "meta": {
            "nf-test": "0.9.3",
            "nextflow": "25.04.6"
        },
        "timestamp": "2026-02-26T14:54:40.538562"
    },
    "tractoflow - no rev": {
        "content": [
            {
                "versions": [
                    "versions.yml:md5,7cabc91ec64b5e824e9b8f60d7dcf930"
                ]
            }
        ],
        "meta": {
            "nf-test": "0.9.3",
            "nextflow": "25.04.6"
        },
        "timestamp": "2026-02-26T14:54:28.5996"
    }
}