{
    "registration - synthmorph - affine + deform": {
        "content": [
            {
                "backward_affine": [
                    [
                        {
                            "id": "test",
                            "single_end": false
                        },
                        "test_backward_standalone_affine.lta:md5,1f08f3e7559d6f4f1b6b2917fc8bf0b5"
                    ]
                ],
                "backward_image_transform": [
                    [
                        {
                            "id": "test",
                            "single_end": false
                        },
                        "test_backward1_deform.nii.gz:md5:header,513f2229597974a5b77a761d52d2c671,data,61a3d05d0311d862d189c5f22af437bd"
                    ]
                ],
                "backward_tractogram_transform": [
                    [
                        {
                            "id": "test",
                            "single_end": false
                        },
                        "test_forward0_deform.nii.gz:md5:header,ac8df625899d3c830b63efb42e74de0b,data,fe1f14f96c00dadd331325d91c7f3768"
                    ]
                ],
                "backward_warp": [
                    [
                        {
                            "id": "test",
                            "single_end": false
                        },
                        "test_backward1_deform.nii.gz:md5:header,513f2229597974a5b77a761d52d2c671,data,61a3d05d0311d862d189c5f22af437bd"
                    ]
                ],
                "fixed_warped": [
                    [
                        {
                            "id": "test",
                            "single_end": false
                        },
                        "test_warped_reference.nii.gz:md5:header,616ccfd9e4dd6202483736565cca4946,data,a32d1204bdccb1731e67f6090a9b8cfe"
                    ]
                ],
                "forward_affine": [
                    [
                        {
                            "id": "test",
                            "single_end": false
                        },
                        "test_forward_standalone_affine.lta:md5,373908a1fb79a212383ff1d900cbe361"
                    ]
                ],
                "forward_image_transform": [
                    [
                        {
                            "id": "test",
                            "single_end": false
                        },
                        "test_forward0_deform.nii.gz:md5:header,ac8df625899d3c830b63efb42e74de0b,data,fe1f14f96c00dadd331325d91c7f3768"
                    ]
                ],
                "forward_tractogram_transform": [
                    [
                        {
                            "id": "test",
                            "single_end": false
                        },
                        "test_backward1_deform.nii.gz:md5:header,513f2229597974a5b77a761d52d2c671,data,61a3d05d0311d862d189c5f22af437bd"
                    ]
                ],
                "forward_warp": [
                    [
                        {
                            "id": "test",
                            "single_end": false
                        },
                        "test_forward0_deform.nii.gz:md5:header,ac8df625899d3c830b63efb42e74de0b,data,fe1f14f96c00dadd331325d91c7f3768"
                    ]
                ],
                "image_warped": [
                    [
                        {
                            "id": "test",
                            "single_end": false
                        },
                        "test_b0_mean_warped.nii.gz:md5:header,af2f9e1c2c6725a40973523df0683219,data,bb4aa16cf2e98f7fe6b95f60196149fa"
                    ]
                ],
                "versions": [
                    "versions.yml:md5,0375426411588cd1712e84ad66aab5ca"
                ]
            }
        ],
        "meta": {
            "nf-test": "0.9.3",
            "nextflow": "25.10.2"
        },
        "timestamp": "2026-09-23T22:10:14.032647764"
    },
    "registration - synthmorph - affine": {
        "content": [
            {
                "backward_affine": [
                    [
                        {
                            "id": "test",
                            "single_end": false
                        },
                        "test_backward0_affine.lta:md5,1f08f3e7559d6f4f1b6b2917fc8bf0b5"
                    ]
                ],
                "backward_image_transform": [
                    [
                        {
                            "id": "test",
                            "single_end": false
                        },
                        "test_backward0_affine.lta:md5,1f08f3e7559d6f4f1b6b2917fc8bf0b5"
                    ]
                ],
                "backward_tractogram_transform": [
                    [
                        {
                            "id": "test",
                            "single_end": false
                        },
                        "test_forward0_affine.lta:md5,373908a1fb79a212383ff1d900cbe361"
                    ]
                ],
                "fixed_warped": [
                    [
                        {
                            "id": "test",
                            "single_end": false
                        },
                        "test_warped_reference.nii.gz:md5:header,616ccfd9e4dd6202483736565cca4946,data,bf073ed79a44135766a0b33693b3a13e"
                    ]
                ],
                "forward_affine": [
                    [
                        {
                            "id": "test",
                            "single_end": false
                        },
                        "test_forward0_affine.lta:md5,373908a1fb79a212383ff1d900cbe361"
                    ]
                ],
                "forward_image_transform": [
                    [
                        {
                            "id": "test",
                            "single_end": false
                        },
                        "test_forward0_affine.lta:md5,373908a1fb79a212383ff1d900cbe361"
                    ]
                ],
                "forward_tractogram_transform": [
                    [
                        {
                            "id": "test",
                            "single_end": false
                        },
                        "test_backward0_affine.lta:md5,1f08f3e7559d6f4f1b6b2917fc8bf0b5"
                    ]
                ],
                "image_warped": [
                    [
                        {
                            "id": "test",
                            "single_end": false
                        },
                        "test_b0_mean_warped.nii.gz:md5:header,af2f9e1c2c6725a40973523df0683219,data,74d69a0837cf9db3c52a8cadafee5182"
                    ]
                ],
                "versions": [
                    "versions.yml:md5,0375426411588cd1712e84ad66aab5ca"
                ]
            }
        ],
        "meta": {
            "nf-test": "0.9.3",
            "nextflow": "25.10.2"
        },
        "timestamp": "2026-09-23T21:53:16.659630327"
    },
    "registration - synthmorph - stub-run": {
        "content": [
            [
                "versions.yml:md5,0375426411588cd1712e84ad66aab5ca"
            ]
        ],
        "meta": {
            "nf-test": "0.9.3",
            "nextflow": "25.10.2"
        },
        "timestamp": "2026-09-23T16:09:38.294467704"
    }
}