{
    "registration - synthmorph - affine + deform": {
        "content": [
            {
                "backward_affine": [
                    [
                        {
                            "id": "test",
                            "single_end": false
                        },
                        "test_backward_standalone_affine.lta:md5,1f08f3e7559d6f4f1b6b2917fc8bf0b5"
                    ]
                ],
                "backward_image_transform": [
                    [
                        {
                            "id": "test",
                            "single_end": false
                        },
                        "test_backward1_deform.nii.gz:md5:header,513f2229597974a5b77a761d52d2c671,data,6587fa3b88abf3f5bdc466c0d5ac6e9e"
                    ]
                ],
                "backward_tractogram_transform": [
                    [
                        {
                            "id": "test",
                            "single_end": false
                        },
                        "test_forward0_deform.nii.gz:md5:header,ac8df625899d3c830b63efb42e74de0b,data,451cb90872ebe40ee5229c200855351f"
                    ]
                ],
                "backward_warp": [
                    [
                        {
                            "id": "test",
                            "single_end": false
                        },
                        "test_backward1_deform.nii.gz:md5:header,513f2229597974a5b77a761d52d2c671,data,6587fa3b88abf3f5bdc466c0d5ac6e9e"
                    ]
                ],
                "fixed_warped": [
                    [
                        {
                            "id": "test",
                            "single_end": false
                        },
                        "test_warped_reference.nii.gz:md5:header,616ccfd9e4dd6202483736565cca4946,data,3d0ff9f76992434cf33aff9b403f1aa9"
                    ]
                ],
                "forward_affine": [
                    [
                        {
                            "id": "test",
                            "single_end": false
                        },
                        "test_forward_standalone_affine.lta:md5,373908a1fb79a212383ff1d900cbe361"
                    ]
                ],
                "forward_image_transform": [
                    [
                        {
                            "id": "test",
                            "single_end": false
                        },
                        "test_forward0_deform.nii.gz:md5:header,ac8df625899d3c830b63efb42e74de0b,data,451cb90872ebe40ee5229c200855351f"
                    ]
                ],
                "forward_tractogram_transform": [
                    [
                        {
                            "id": "test",
                            "single_end": false
                        },
                        "test_backward1_deform.nii.gz:md5:header,513f2229597974a5b77a761d52d2c671,data,6587fa3b88abf3f5bdc466c0d5ac6e9e"
                    ]
                ],
                "forward_warp": [
                    [
                        {
                            "id": "test",
                            "single_end": false
                        },
                        "test_forward0_deform.nii.gz:md5:header,ac8df625899d3c830b63efb42e74de0b,data,451cb90872ebe40ee5229c200855351f"
                    ]
                ],
                "image_warped": [
                    [
                        {
                            "id": "test",
                            "single_end": false
                        },
                        "test_b0_mean_warped.nii.gz:md5:header,af2f9e1c2c6725a40973523df0683219,data,a109030d1bf5cedac351bcf82184b3e8"
                    ]
                ],
                "versions": [
                    "versions.yml:md5,0375426411588cd1712e84ad66aab5ca"
                ]
            }
        ],
        "meta": {
            "nf-test": "0.9.3",
            "nextflow": "25.10.2"
        },
        "timestamp": "2026-09-23T22:51:25.934326857"
    },
    "registration - synthmorph - affine": {
        "content": [
            {
                "backward_affine": [
                    [
                        {
                            "id": "test",
                            "single_end": false
                        },
                        "test_backward0_affine.lta:md5,1f08f3e7559d6f4f1b6b2917fc8bf0b5"
                    ]
                ],
                "backward_image_transform": [
                    [
                        {
                            "id": "test",
                            "single_end": false
                        },
                        "test_backward0_affine.lta:md5,1f08f3e7559d6f4f1b6b2917fc8bf0b5"
                    ]
                ],
                "backward_tractogram_transform": [
                    [
                        {
                            "id": "test",
                            "single_end": false
                        },
                        "test_forward0_affine.lta:md5,373908a1fb79a212383ff1d900cbe361"
                    ]
                ],
                "fixed_warped": [
                    [
                        {
                            "id": "test",
                            "single_end": false
                        },
                        "test_warped_reference.nii.gz:md5:header,616ccfd9e4dd6202483736565cca4946,data,75efc4aba7cb3e20903b7a1e00d56af8"
                    ]
                ],
                "forward_affine": [
                    [
                        {
                            "id": "test",
                            "single_end": false
                        },
                        "test_forward0_affine.lta:md5,373908a1fb79a212383ff1d900cbe361"
                    ]
                ],
                "forward_image_transform": [
                    [
                        {
                            "id": "test",
                            "single_end": false
                        },
                        "test_forward0_affine.lta:md5,373908a1fb79a212383ff1d900cbe361"
                    ]
                ],
                "forward_tractogram_transform": [
                    [
                        {
                            "id": "test",
                            "single_end": false
                        },
                        "test_backward0_affine.lta:md5,1f08f3e7559d6f4f1b6b2917fc8bf0b5"
                    ]
                ],
                "image_warped": [
                    [
                        {
                            "id": "test",
                            "single_end": false
                        },
                        "test_b0_mean_warped.nii.gz:md5:header,af2f9e1c2c6725a40973523df0683219,data,f404c51058de4dc96aed5a8d8e4dd4db"
                    ]
                ],
                "versions": [
                    "versions.yml:md5,0375426411588cd1712e84ad66aab5ca"
                ]
            }
        ],
        "meta": {
            "nf-test": "0.9.3",
            "nextflow": "25.10.2"
        },
        "timestamp": "2026-09-23T22:52:05.268811536"
    },
    "registration - synthmorph - stub-run": {
        "content": [
            [
                "versions.yml:md5,0375426411588cd1712e84ad66aab5ca"
            ]
        ],
        "meta": {
            "nf-test": "0.9.3",
            "nextflow": "25.10.2"
        },
        "timestamp": "2026-09-23T16:09:38.294467704"
    }
}