{
    "registration - synthmorph - affine + deform": {
        "content": [
            {
                "backward_affine": [
                    [
                        {
                            "id": "test",
                            "single_end": false
                        },
                        "test_backward_standalone_affine.lta:md5,1f08f3e7559d6f4f1b6b2917fc8bf0b5"
                    ]
                ],
                "backward_image_transform": [
                    [
                        {
                            "id": "test",
                            "single_end": false
                        },
                        "test_backward1_deform.nii.gz:md5:header,513f2229597974a5b77a761d52d2c671,data,3e06766c69238a84c0b037530947c827"
                    ]
                ],
                "backward_tractogram_transform": [
                    [
                        {
                            "id": "test",
                            "single_end": false
                        },
                        "test_forward0_deform.nii.gz:md5:header,ac8df625899d3c830b63efb42e74de0b,data,03b6cb9ee5214b34b3ec124b7dc64613"
                    ]
                ],
                "backward_warp": [
                    [
                        {
                            "id": "test",
                            "single_end": false
                        },
                        "test_backward1_deform.nii.gz:md5:header,513f2229597974a5b77a761d52d2c671,data,3e06766c69238a84c0b037530947c827"
                    ]
                ],
                "fixed_warped": [
                    [
                        {
                            "id": "test",
                            "single_end": false
                        },
                        "test_warped_reference.nii.gz:md5:header,616ccfd9e4dd6202483736565cca4946,data,2a6ef6d9577139ad8e6e71cf13036b05"
                    ]
                ],
                "forward_affine": [
                    [
                        {
                            "id": "test",
                            "single_end": false
                        },
                        "test_forward_standalone_affine.lta:md5,373908a1fb79a212383ff1d900cbe361"
                    ]
                ],
                "forward_image_transform": [
                    [
                        {
                            "id": "test",
                            "single_end": false
                        },
                        "test_forward0_deform.nii.gz:md5:header,ac8df625899d3c830b63efb42e74de0b,data,03b6cb9ee5214b34b3ec124b7dc64613"
                    ]
                ],
                "forward_tractogram_transform": [
                    [
                        {
                            "id": "test",
                            "single_end": false
                        },
                        "test_backward1_deform.nii.gz:md5:header,513f2229597974a5b77a761d52d2c671,data,3e06766c69238a84c0b037530947c827"
                    ]
                ],
                "forward_warp": [
                    [
                        {
                            "id": "test",
                            "single_end": false
                        },
                        "test_forward0_deform.nii.gz:md5:header,ac8df625899d3c830b63efb42e74de0b,data,03b6cb9ee5214b34b3ec124b7dc64613"
                    ]
                ],
                "image_warped": [
                    [
                        {
                            "id": "test",
                            "single_end": false
                        },
                        "test_b0_mean_warped.nii.gz:md5:header,af2f9e1c2c6725a40973523df0683219,data,17af3a2ee6984f453fd69bdff80a7143"
                    ]
                ],
                "versions": [
                    "versions.yml:md5,0375426411588cd1712e84ad66aab5ca"
                ]
            }
        ],
        "meta": {
            "nf-test": "0.9.3",
            "nextflow": "25.10.2"
        },
        "timestamp": "2026-09-23T23:30:02.908489093"
    },
    "registration - synthmorph - affine": {
        "content": [
            {
                "backward_affine": [
                    [
                        {
                            "id": "test",
                            "single_end": false
                        },
                        "test_backward0_affine.lta:md5,1f08f3e7559d6f4f1b6b2917fc8bf0b5"
                    ]
                ],
                "backward_image_transform": [
                    [
                        {
                            "id": "test",
                            "single_end": false
                        },
                        "test_backward0_affine.lta:md5,1f08f3e7559d6f4f1b6b2917fc8bf0b5"
                    ]
                ],
                "backward_tractogram_transform": [
                    [
                        {
                            "id": "test",
                            "single_end": false
                        },
                        "test_forward0_affine.lta:md5,373908a1fb79a212383ff1d900cbe361"
                    ]
                ],
                "fixed_warped": [
                    [
                        {
                            "id": "test",
                            "single_end": false
                        },
                        "test_warped_reference.nii.gz:md5:header,616ccfd9e4dd6202483736565cca4946,data,2d031dbb683a01f9ba3b346ace150271"
                    ]
                ],
                "forward_affine": [
                    [
                        {
                            "id": "test",
                            "single_end": false
                        },
                        "test_forward0_affine.lta:md5,373908a1fb79a212383ff1d900cbe361"
                    ]
                ],
                "forward_image_transform": [
                    [
                        {
                            "id": "test",
                            "single_end": false
                        },
                        "test_forward0_affine.lta:md5,373908a1fb79a212383ff1d900cbe361"
                    ]
                ],
                "forward_tractogram_transform": [
                    [
                        {
                            "id": "test",
                            "single_end": false
                        },
                        "test_backward0_affine.lta:md5,1f08f3e7559d6f4f1b6b2917fc8bf0b5"
                    ]
                ],
                "image_warped": [
                    [
                        {
                            "id": "test",
                            "single_end": false
                        },
                        "test_b0_mean_warped.nii.gz:md5:header,af2f9e1c2c6725a40973523df0683219,data,c5f8be2485b0832e582d6c24b73aa761"
                    ]
                ],
                "versions": [
                    "versions.yml:md5,0375426411588cd1712e84ad66aab5ca"
                ]
            }
        ],
        "meta": {
            "nf-test": "0.9.3",
            "nextflow": "25.10.2"
        },
        "timestamp": "2026-09-23T23:30:32.700666992"
    },
    "registration - synthmorph - stub-run": {
        "content": [
            [
                "versions.yml:md5,0375426411588cd1712e84ad66aab5ca"
            ]
        ],
        "meta": {
            "nf-test": "0.9.3",
            "nextflow": "25.10.2"
        },
        "timestamp": "2026-09-23T16:09:38.294467704"
    }
}