{
    "stats - merge json -stub-run": {
        "content": [
            [
                "versions.yml:md5,c2b7d137aa52b1e203432d1a1d1ffd37"
            ]
        ],
        "meta": {
            "nf-test": "0.9.3",
            "nextflow": "25.04.6"
        },
        "timestamp": "2026-02-26T14:12:38.139293"
    },
    "stats - length": {
        "content": [
            "length_stats.json:md5,de69902deee6b5da29aa811381c4a2e4",
            "length_stats.xlsx",
            [
                "versions.yml:md5,c2b7d137aa52b1e203432d1a1d1ffd37"
            ]
        ],
        "meta": {
            "nf-test": "0.9.3",
            "nextflow": "25.04.6"
        },
        "timestamp": "2026-02-26T14:12:21.5988"
    }
}