{
    "densitymap - map": {
        "content": [
            {
                "0": [
                    [
                        {
                            "id": "test",
                            "single_end": false
                        },
                        "test__bundle_all_1mm.nii.gz:md5,a9cc8ba016a680ec8cbac940c45e5464"
                    ]
                ],
                "1": [
                    "versions.yml:md5,c58f4d4900b16d4ed7b7783b7e9b8326"
                ],
                "density_map": [
                    [
                        {
                            "id": "test",
                            "single_end": false
                        },
                        "test__bundle_all_1mm.nii.gz:md5,a9cc8ba016a680ec8cbac940c45e5464"
                    ]
                ],
                "versions": [
                    "versions.yml:md5,c58f4d4900b16d4ed7b7783b7e9b8326"
                ]
            }
        ],
        "meta": {
            "nf-test": "0.9.3",
            "nextflow": "25.10.2"
        },
        "timestamp": "2026-02-26T15:52:30.545672047"
    },
    "densitymap - mask": {
        "content": [
            {
                "0": [
                    [
                        {
                            "id": "test",
                            "single_end": false
                        },
                        "test__bundle_all_1mm.nii.gz:md5,5c682d295c593e132295e21e753a6f4f"
                    ]
                ],
                "1": [
                    "versions.yml:md5,c58f4d4900b16d4ed7b7783b7e9b8326"
                ],
                "density_map": [
                    [
                        {
                            "id": "test",
                            "single_end": false
                        },
                        "test__bundle_all_1mm.nii.gz:md5,5c682d295c593e132295e21e753a6f4f"
                    ]
                ],
                "versions": [
                    "versions.yml:md5,c58f4d4900b16d4ed7b7783b7e9b8326"
                ]
            }
        ],
        "meta": {
            "nf-test": "0.9.3",
            "nextflow": "25.10.2"
        },
        "timestamp": "2026-02-26T15:52:35.091527214"
    },
    "densitymap - stub-run": {
        "content": [
            [
                "versions.yml:md5,c58f4d4900b16d4ed7b7783b7e9b8326"
            ]
        ],
        "meta": {
            "nf-test": "0.9.3",
            "nextflow": "25.10.2"
        },
        "timestamp": "2026-02-26T15:52:39.699637141"
    }
}