{
    "reconst_fw_noddi - freewater - custom priors": {
        "content": [
            {
                
            }
        ],
        "meta": {
            "nf-test": "0.9.3",
            "nextflow": "25.10.2"
        },
        "timestamp": "2026-02-26T14:58:58.504310703"
    },
    "reconst_fw_noddi - noddi & freewater - custom priors": {
        "content": [
            {
                
            }
        ],
        "meta": {
            "nf-test": "0.9.3",
            "nextflow": "25.10.2"
        },
        "timestamp": "2026-02-26T14:58:42.327426383"
    },
    "reconst_fw_noddi - noddi & freewater": {
        "content": [
            {
                "versions": [
                    "versions.yml:md5,70017630e95110c203240f3be07c716b"
                ]
            }
        ],
        "meta": {
            "nf-test": "0.9.3",
            "nextflow": "25.10.2"
        },
        "timestamp": "2026-02-26T14:58:28.367238691"
    },
    "reconst_fw_noddi - noddi & freewater - average priors": {
        "content": [
            {
                "versions": [
                    "versions.yml:md5,21ec0c32bc11dca0c4ccc95fdf1a2690",
                    "versions.yml:md5,70017630e95110c203240f3be07c716b"
                ]
            }
        ],
        "meta": {
            "nf-test": "0.9.3",
            "nextflow": "25.10.2"
        },
        "timestamp": "2026-02-26T14:58:36.532721584"
    },
    "reconst_fw_noddi - noddi": {
        "content": [
            {
                "versions": [
                    "versions.yml:md5,70017630e95110c203240f3be07c716b"
                ]
            }
        ],
        "meta": {
            "nf-test": "0.9.3",
            "nextflow": "25.10.2"
        },
        "timestamp": "2026-02-26T14:58:13.725854831"
    },
    "reconst_fw_noddi - freewater": {
        "content": [
            {
                "versions": [
                    "versions.yml:md5,70017630e95110c203240f3be07c716b"
                ]
            }
        ],
        "meta": {
            "nf-test": "0.9.3",
            "nextflow": "25.10.2"
        },
        "timestamp": "2026-02-26T14:58:20.849438109"
    },
    "reconst_fw_noddi - noddi - custom priors": {
        "content": [
            {
                
            }
        ],
        "meta": {
            "nf-test": "0.9.3",
            "nextflow": "25.10.2"
        },
        "timestamp": "2026-02-26T14:58:53.18319627"
    },
    "reconst_fw_noddi - noddi & freewater - custom priors subject-bound": {
        "content": [
            {
                
            }
        ],
        "meta": {
            "nf-test": "0.9.3",
            "nextflow": "25.10.2"
        },
        "timestamp": "2026-02-26T14:58:47.781747327"
    }
}