{
    "betcrop - antsbet": {
        "content": [
            "test__t1_bet.nii.gz",
            "test__t1_bet_mask.nii.gz",
            [
                "versions.yml:md5,0f9b6797883796f1415a649503fa6035"
            ]
        ],
        "meta": {
            "nf-test": "0.9.3",
            "nextflow": "25.10.2"
        },
        "timestamp": "2026-02-26T13:22:44.597374048"
    },
    "betcrop - antsbet - stub-run": {
        "content": [
            [
                "versions.yml:md5,0f9b6797883796f1415a649503fa6035"
            ]
        ],
        "meta": {
            "nf-test": "0.9.3",
            "nextflow": "25.10.2"
        },
        "timestamp": "2026-02-26T13:22:54.928743954"
    }
}